// Jest Snapshot v1, https://goo.gl/fbAQLP

exports[`Intro component test renders as expected 1`] = `
<Page
  store={
    ObservableListStore {
      "_user": User {
        "_age": undefined,
        "_displayName": undefined,
        "_job": undefined,
        Symbol(mobx did run lazy initializers): true,
        Symbol(mobx administration): ObservableObjectAdministration$$1 {
          "defaultEnhancer": [Function],
          "keysAtom": Atom$$1 {
            "diffValue": 0,
            "isBeingObserved": false,
            "isPendingUnobservation": false,
            "lastAccessedBy": 0,
            "lowestObserverState": 2,
            "name": "User@2.keys",
            "observers": Set {},
          },
          "name": "User@2",
          "target": [Circular],
          "values": Map {
            "_displayName" => undefined,
            "_age" => undefined,
            "_job" => undefined,
          },
        },
      },
      Symbol(mobx did run lazy initializers): true,
      Symbol(mobx administration): ObservableObjectAdministration$$1 {
        "defaultEnhancer": [Function],
        "keysAtom": Atom$$1 {
          "diffValue": 0,
          "isBeingObserved": false,
          "isPendingUnobservation": false,
          "lastAccessedBy": 0,
          "lowestObserverState": 2,
          "name": "ObservableListStore@1.keys",
          "observers": Set {},
        },
        "name": "ObservableListStore@1",
        "target": [Circular],
        "values": Map {
          "_user" => User {
            "_age": undefined,
            "_displayName": undefined,
            "_job": undefined,
            Symbol(mobx did run lazy initializers): true,
            Symbol(mobx administration): ObservableObjectAdministration$$1 {
              "defaultEnhancer": [Function],
              "keysAtom": Atom$$1 {
                "diffValue": 0,
                "isBeingObserved": false,
                "isPendingUnobservation": false,
                "lastAccessedBy": 0,
                "lowestObserverState": 2,
                "name": "User@2.keys",
                "observers": Set {},
              },
              "name": "User@2",
              "target": [Circular],
              "values": Map {
                "_displayName" => undefined,
                "_age" => undefined,
                "_job" => undefined,
              },
            },
          },
        },
      },
    }
  }
/>
`;
